 [1] "For this pathway there is only 1 DEG with padj<0.1. gene_name: AKR1C1"  
 [2] "For this pathway there is only 1 DEG with padj<0.1. gene_name: AKR1C3"  
 [3] "For this pathway there is only 1 DEG with padj<0.1. gene_name: ARG2"    
 [4] "For this pathway there is only 1 DEG with padj<0.1. gene_name: BIRC2"   
 [5] "For this pathway there is only 1 DEG with padj<0.1. gene_name: CDKN1A"  
 [6] "For this pathway there is only 1 DEG with padj<0.1. gene_name: CFLAR"   
 [7] "For this pathway there is only 1 DEG with padj<0.1. gene_name: CYP1A1"  
 [8] "For this pathway there is only 1 DEG with padj<0.1. gene_name: CYP1A2"  
 [9] "For this pathway there is only 1 DEG with padj<0.1. gene_name: CYP1B1"  
[10] "For this pathway there is only 1 DEG with padj<0.1. gene_name: DUOX2"   
[11] "For this pathway there is only 1 DEG with padj<0.1. gene_name: DUOXA2"  
[12] "For this pathway there is only 1 DEG with padj<0.1. gene_name: GCH1"    
[13] "For this pathway there is only 1 DEG with padj<0.1. gene_name: GNAI3"   
[14] "For this pathway there is only 1 DEG with padj<0.1. gene_name: GRB2"    
[15] "For this pathway there is only 1 DEG with padj<0.1. gene_name: HIF1A"   
[16] "For this pathway there is only 1 DEG with padj<0.1. gene_name: IL19"    
[17] "For this pathway there is only 1 DEG with padj<0.1. gene_name: NCF1"    
[18] "For this pathway there is only 1 DEG with padj<0.1. gene_name: NFE2L2"  
[19] "For this pathway there is only 1 DEG with padj<0.1. gene_name: NOS2"    
[20] "For this pathway there is only 1 DEG with padj<0.1. gene_name: PPARA"   
[21] "For this pathway there is only 1 DEG with padj<0.1. gene_name: PTK2B"   
[22] "For this pathway there is only 1 DEG with padj<0.1. gene_name: RAB27A"  
[23] "For this pathway there is only 1 DEG with padj<0.1. gene_name: RAC1"    
[24] "For this pathway there is only 1 DEG with padj<0.1. gene_name: RAC2"    
[25] "For this pathway there is only 1 DEG with padj<0.1. gene_name: SESN2"   
[26] "For this pathway there is only 1 DEG with padj<0.1. gene_name: SH3PXD2A"
[27] "For this pathway there is only 1 DEG with padj<0.1. gene_name: SOD2"    
[28] "For this pathway there is only 1 DEG with padj<0.1. gene_name: TGFB1"   
NULL
