[1] "GOI in Gene set 0 "
[1] "For this pathway there is only 1 DEG with padj<0.1. gene_name: CELSR2"
