 [1] "For this pathway there is only 1 DEG with padj<0.1. gene_name: ADAM17"   
 [2] "For this pathway there is only 1 DEG with padj<0.1. gene_name: AKAP12"   
 [3] "For this pathway there is only 1 DEG with padj<0.1. gene_name: AKAP8"    
 [4] "For this pathway there is only 1 DEG with padj<0.1. gene_name: CCL2"     
 [5] "For this pathway there is only 1 DEG with padj<0.1. gene_name: CD274"    
 [6] "For this pathway there is only 1 DEG with padj<0.1. gene_name: CSF1"     
 [7] "For this pathway there is only 1 DEG with padj<0.1. gene_name: CSF3"     
 [8] "For this pathway there is only 1 DEG with padj<0.1. gene_name: CX3CL1"   
 [9] "For this pathway there is only 1 DEG with padj<0.1. gene_name: CXCL1"    
[10] "For this pathway there is only 1 DEG with padj<0.1. gene_name: CXCL3"    
[11] "For this pathway there is only 1 DEG with padj<0.1. gene_name: CXCL5"    
[12] "For this pathway there is only 1 DEG with padj<0.1. gene_name: CXCL6"    
[13] "For this pathway there is only 1 DEG with padj<0.1. gene_name: CXCL8"    
[14] "For this pathway there is only 1 DEG with padj<0.1. gene_name: CYP1A1"   
[15] "For this pathway there is only 1 DEG with padj<0.1. gene_name: GCH1"     
[16] "For this pathway there is only 1 DEG with padj<0.1. gene_name: GJB2"     
[17] "For this pathway there is only 1 DEG with padj<0.1. gene_name: IDO1"     
[18] "For this pathway there is only 1 DEG with padj<0.1. gene_name: IFNAR1"   
[19] "For this pathway there is only 1 DEG with padj<0.1. gene_name: IL36G"    
[20] "For this pathway there is only 1 DEG with padj<0.1. gene_name: IRAK3"    
[21] "For this pathway there is only 1 DEG with padj<0.1. gene_name: JAK2"     
[22] "For this pathway there is only 1 DEG with padj<0.1. gene_name: KMO"      
[23] "For this pathway there is only 1 DEG with padj<0.1. gene_name: LITAF"    
[24] "For this pathway there is only 1 DEG with padj<0.1. gene_name: LYN"      
[25] "For this pathway there is only 1 DEG with padj<0.1. gene_name: MAP2K3"   
[26] "For this pathway there is only 1 DEG with padj<0.1. gene_name: MAPKAPK2" 
[27] "For this pathway there is only 1 DEG with padj<0.1. gene_name: NFKB1"    
[28] "For this pathway there is only 1 DEG with padj<0.1. gene_name: NFKBIB"   
[29] "For this pathway there is only 1 DEG with padj<0.1. gene_name: NOS2"     
[30] "For this pathway there is only 1 DEG with padj<0.1. gene_name: PTAFR"    
[31] "For this pathway there is only 1 DEG with padj<0.1. gene_name: PTGS2"    
[32] "For this pathway there is only 1 DEG with padj<0.1. gene_name: RELA"     
[33] "For this pathway there is only 1 DEG with padj<0.1. gene_name: RIPK2"    
[34] "For this pathway there is only 1 DEG with padj<0.1. gene_name: S100A8"   
[35] "For this pathway there is only 1 DEG with padj<0.1. gene_name: S100A9"   
[36] "For this pathway there is only 1 DEG with padj<0.1. gene_name: SBNO2"    
[37] "For this pathway there is only 1 DEG with padj<0.1. gene_name: SELENOS"  
[38] "For this pathway there is only 1 DEG with padj<0.1. gene_name: SLC7A5"   
[39] "For this pathway there is only 1 DEG with padj<0.1. gene_name: SMAD6"    
[40] "For this pathway there is only 1 DEG with padj<0.1. gene_name: SOD2"     
[41] "For this pathway there is only 1 DEG with padj<0.1. gene_name: SRC"      
[42] "For this pathway there is only 1 DEG with padj<0.1. gene_name: TGFB1"    
[43] "For this pathway there is only 1 DEG with padj<0.1. gene_name: TLR2"     
[44] "For this pathway there is only 1 DEG with padj<0.1. gene_name: TNFAIP3"  
[45] "For this pathway there is only 1 DEG with padj<0.1. gene_name: TNFRSF11A"
[46] "For this pathway there is only 1 DEG with padj<0.1. gene_name: TNFRSF1B" 
[47] "For this pathway there is only 1 DEG with padj<0.1. gene_name: TNIP1"    
[48] "For this pathway there is only 1 DEG with padj<0.1. gene_name: TNIP2"    
[49] "For this pathway there is only 1 DEG with padj<0.1. gene_name: TNIP3"    
NULL
