[1] "GOI in Gene set 0 "
null device 
          1 
