 [1] "For this pathway there is only 1 DEG with padj<0.1. gene_name: CXCL1"  
 [2] "For this pathway there is only 1 DEG with padj<0.1. gene_name: CXCL3"  
 [3] "For this pathway there is only 1 DEG with padj<0.1. gene_name: CXCL5"  
 [4] "For this pathway there is only 1 DEG with padj<0.1. gene_name: CXCL6"  
 [5] "For this pathway there is only 1 DEG with padj<0.1. gene_name: CXCL8"  
 [6] "For this pathway there is only 1 DEG with padj<0.1. gene_name: DEFB4A" 
 [7] "For this pathway there is only 1 DEG with padj<0.1. gene_name: PGLYRP4"
 [8] "For this pathway there is only 1 DEG with padj<0.1. gene_name: PI3"    
 [9] "For this pathway there is only 1 DEG with padj<0.1. gene_name: S100A9" 
[10] "For this pathway there is only 1 DEG with padj<0.1. gene_name: SPRR2A" 
NULL
